// Jest Snapshot v1, https://goo.gl/fbAQLP

exports[`renders and compare to snapshot 1`] = `
<DocumentFragment>
  <h1
    class="sc-bxivhb bfVZUH"
  >
    __BOILERPLATE
  </h1>
  <form
    class="sc-bdVaJa bhVcIp"
  >
    <input
      class="sc-bwzfXH cxkVJV"
      data-testid="inputEl"
      placeholder="__boilerplate"
      type="text"
      value=""
    />
    <button
      class="sc-htpNat jrGnXi"
      data-testid="buttonEl"
    >
      change store state
    </button>
  </form>
  <h2
    class="sc-ifAKCX bUaWFB"
    data-testid="h2El"
  />
</DocumentFragment>
`;
